============================= test session starts =============================
platform win32 -- Python 3.13.5, pytest-9.0.2, pluggy-1.6.0 -- C:\Python313\python.exe
cachedir: .pytest_cache
rootdir: E:\프로젝트\안티그래비티 프로젝트\에이블리
plugins: anyio-4.11.0
collecting ... collected 3 items

tests/test_integrations.py::TestIntegrationTransform::test_to_experiment_df_basic PASSED [ 33%]
tests/test_integrations.py::TestIntegrationTransform::test_to_experiment_df_with_metrics PASSED [ 66%]
tests/test_integrations.py::TestIntegrationTransform::test_to_experiment_df_missing_metric_fill FAILED [100%]

================================== FAILURES ===================================
_____ TestIntegrationTransform.test_to_experiment_df_missing_metric_fill ______

self = <tests.test_integrations.TestIntegrationTransform object at 0x0000023612939810>

    def test_to_experiment_df_missing_metric_fill(self):
        """Test that missing metrics in one variant are filled (default 0)"""
        result = IntegrationResult(
            experiment_id="test_fill",
            variants=[
                IntegrationVariant(name="A", users=100, conversions=10, metrics={"only_in_a": 1}),
                IntegrationVariant(name="B", users=100, conversions=10, metrics={})
            ]
        )
        df = to_experiment_df(result)
        assert "only_in_a" in df.columns
>       assert df[df["variant"] == "B"]["only_in_a"].iloc[0] == 0
E       assert np.float64(nan) == 0

tests\test_integrations.py:87: AssertionError
=========================== short test summary info ===========================
FAILED tests/test_integrations.py::TestIntegrationTransform::test_to_experiment_df_missing_metric_fill
========================= 1 failed, 2 passed in 0.52s =========================
